Program:  tests/inf-div-unknown-fixed.imp
Strategy: compile
================================================================================
<kat-imp>
  <s>
    #STUCK ( )
  </s>
  <kat>
    <analysis>
      .Rules , < <imp>
        <k>
          int x , y , .Ids ; x = V0 ; y = V1 ; while ( 0 <= x ) { if ( 0 < x ) { y = y / x ; } else { } x = x - 1 ; }
        </k>
        <mem>
          .Map
        </mem>
      </imp> --> <imp>
        <k>
          while ( 0 <= x ) { if ( 0 < x ) { y = y / x ; } else { } x = x - 1 ; }
        </k>
        <mem>
          x |-> V0
          y |-> V1
        </mem>
      </imp> requires #True > , < <imp>
        <k>
          while ( 0 <= x ) { if ( 0 < x ) { y = y / x ; } else { } x = x - 1 ; }
        </k>
        <mem>
          x |-> V2
          y |-> V3
        </mem>
      </imp> --> <imp>
        <k>
          .
        </k>
        <mem>
          x |-> V2
          y |-> V3
        </mem>
      </imp> requires 0 <=Int V2 ==K false > , < <imp>
        <k>
          while ( 0 <= x ) { if ( 0 < x ) { y = y / x ; } else { } x = x - 1 ; }
        </k>
        <mem>
          x |-> V4
          y |-> V5
        </mem>
      </imp> --> <imp>
        <k>
          while ( 0 <= x ) { if ( 0 < x ) { y = y / x ; } else { } x = x - 1 ; }
        </k>
        <mem>
          x |-> V4 -Int 1
          y |-> V5
        </mem>
      </imp> requires 0 <=Int V4 ==K true #And
      0 <Int V4 ==K false > , < <imp>
        <k>
          while ( 0 <= x ) { if ( 0 < x ) { y = y / x ; } else { } x = x - 1 ; }
        </k>
        <mem>
          x |-> V6
          y |-> V7
        </mem>
      </imp> --> <imp>
        <k>
          while ( 0 <= x ) { if ( 0 < x ) { y = y / x ; } else { } x = x - 1 ; }
        </k>
        <mem>
          x |-> V6 -Int 1
          y |-> V7 /Int V6
        </mem>
      </imp> requires 0 <=Int V6 ==K true #And
      0 <Int V6 ==K true >
    </analysis>
    <states>
      .States
    </states>
  </kat>
  <harness>
    <imp>
      <k>
        while ( 0 <= x ) { if ( 0 < x ) { y = y / x ; } else { } x = x - 1 ; }
      </k>
      <mem>
        x |-> V8
        y |-> V9
      </mem>
    </imp>
  </harness>
</kat-imp>
