Program:  tests/nth.fun
Strategy: exec
================================================================================
<kat-FUN>
  <s>
    #STUCK ( )
  </s>
  <kat>
    <analysis>
      .Analysis
    </analysis>
    <states>
      .States
    </states>
  </kat>
  <harness>
    <FUN>
      <k>
        [ 10 , 11 , 12 , 13 , 14 , .Names ]
      </k>
      <env>
        .Map
      </env>
      <store>
        1 |-> closure ( app |-> 5
        length |-> 3
        map |-> 4
        nat |-> 2
        nth |-> 1 , 1 -> ( fun ( [ h , .Names | t ] -> h ) | .Cases ) | n -> ( fun ( [ h , .Names | t ] -> nth ( n - 1 ) t ) | .Cases ) | .Cases )
        2 |-> closure ( app |-> 5
        length |-> 3
        map |-> 4
        nat |-> 2
        nth |-> 1 , n -> ( fun ( m -> if n == m then [ n , .Names ] else cons n ( nat ( n + 1 ) m ) ) | .Cases ) | .Cases )
        3 |-> closure ( app |-> 5
        length |-> 3
        map |-> 4
        nat |-> 2
        nth |-> 1 , [ .Names ] -> 0 | [ h , .Names | t ] -> 1 + length t | .Cases )
        4 |-> closure ( app |-> 5
        length |-> 3
        map |-> 4
        nat |-> 2
        nth |-> 1 , f -> ( fun ( [ .Names ] -> [ .Names ] ) | [ h , .Names | t ] -> cons ( f h ) ( map f t ) | .Cases ) | .Cases )
        5 |-> closure ( app |-> 5
        length |-> 3
        map |-> 4
        nat |-> 2
        nth |-> 1 , [ .Names ] -> ( fun ( x -> [ .Names ] ) | .Cases ) | [ h , .Names | t ] -> ( fun ( x -> cons ( h x ) ( app t x ) ) | .Cases ) | .Cases )
        6 |-> 1
        7 |-> 5
        8 |-> 2
        9 |-> 5
        10 |-> 3
        11 |-> 5
        12 |-> 4
        13 |-> 5
        14 |-> 5
        15 |-> 5
        16 |-> closure ( app |-> 5
        length |-> 3
        map |-> 4
        nat |-> 2
        nth |-> 1 , 1 -> ( fun ( [ h , .Names | t ] -> h ) | .Cases ) | n -> ( fun ( [ h , .Names | t ] -> nth ( n - 1 ) t ) | .Cases ) | .Cases )
        17 |-> 1
        18 |-> [ 2 , 3 , 4 , 5 , .Names ]
        19 |-> closure ( app |-> 5
        length |-> 3
        map |-> 4
        nat |-> 2
        nth |-> 1 , 1 -> ( fun ( [ h , .Names | t ] -> h ) | .Cases ) | n -> ( fun ( [ h , .Names | t ] -> nth ( n - 1 ) t ) | .Cases ) | .Cases )
        20 |-> 2
        21 |-> [ 3 , 4 , 5 , .Names ]
        22 |-> closure ( app |-> 5
        length |-> 3
        map |-> 4
        nat |-> 2
        nth |-> 1 , 1 -> ( fun ( [ h , .Names | t ] -> h ) | .Cases ) | n -> ( fun ( [ h , .Names | t ] -> nth ( n - 1 ) t ) | .Cases ) | .Cases )
        23 |-> 3
        24 |-> [ 4 , 5 , .Names ]
        25 |-> closure ( app |-> 5
        length |-> 3
        map |-> 4
        nat |-> 2
        nth |-> 1 , 1 -> ( fun ( [ h , .Names | t ] -> h ) | .Cases ) | n -> ( fun ( [ h , .Names | t ] -> nth ( n - 1 ) t ) | .Cases ) | .Cases )
        26 |-> 4
        27 |-> [ 5 , .Names ]
        28 |-> closure ( app |-> 5
        length |-> 3
        map |-> 4
        nat |-> 2
        nth |-> 1 , 1 -> ( fun ( [ h , .Names | t ] -> h ) | .Cases ) | n -> ( fun ( [ h , .Names | t ] -> nth ( n - 1 ) t ) | .Cases ) | .Cases )
        29 |-> 5
        30 |-> [ .Names ]
        31 |-> closure ( app |-> 5
        length |-> 3
        map |-> 4
        nat |-> 2
        nth |-> 1 , 1 -> ( fun ( [ h , .Names | t ] -> h ) | .Cases ) | n -> ( fun ( [ h , .Names | t ] -> nth ( n - 1 ) t ) | .Cases ) | .Cases )
        32 |-> 5
        33 |-> 4
        34 |-> 3
        35 |-> 2
        36 |-> closure ( app |-> 5
        length |-> 3
        map |-> 4
        nat |-> 2
        nth |-> 1 , [ h , .Names | t ] -> h | .Cases )
        37 |-> [ closure ( app |-> 5
        length |-> 3
        map |-> 4
        n |-> 35
        nat |-> 2
        nth |-> 1 , [ h , .Names | t ] -> nth ( n - 1 ) t | .Cases ) , closure ( app |-> 5
        length |-> 3
        map |-> 4
        n |-> 34
        nat |-> 2
        nth |-> 1 , [ h , .Names | t ] -> nth ( n - 1 ) t | .Cases ) , closure ( app |-> 5
        length |-> 3
        map |-> 4
        n |-> 33
        nat |-> 2
        nth |-> 1 , [ h , .Names | t ] -> nth ( n - 1 ) t | .Cases ) , closure ( app |-> 5
        length |-> 3
        map |-> 4
        n |-> 32
        nat |-> 2
        nth |-> 1 , [ h , .Names | t ] -> nth ( n - 1 ) t | .Cases ) , .Names ]
        38 |-> [ 10 , 11 , 12 , 13 , 14 , 15 , 16 , 17 , .Names ]
        39 |-> closure ( app |-> 5
        length |-> 3
        map |-> 4
        n |-> 35
        nat |-> 2
        nth |-> 1 , [ h , .Names | t ] -> nth ( n - 1 ) t | .Cases )
        40 |-> [ closure ( app |-> 5
        length |-> 3
        map |-> 4
        n |-> 34
        nat |-> 2
        nth |-> 1 , [ h , .Names | t ] -> nth ( n - 1 ) t | .Cases ) , closure ( app |-> 5
        length |-> 3
        map |-> 4
        n |-> 33
        nat |-> 2
        nth |-> 1 , [ h , .Names | t ] -> nth ( n - 1 ) t | .Cases ) , closure ( app |-> 5
        length |-> 3
        map |-> 4
        n |-> 32
        nat |-> 2
        nth |-> 1 , [ h , .Names | t ] -> nth ( n - 1 ) t | .Cases ) , .Names ]
        41 |-> [ 10 , 11 , 12 , 13 , 14 , 15 , 16 , 17 , .Names ]
        42 |-> closure ( app |-> 5
        length |-> 3
        map |-> 4
        n |-> 34
        nat |-> 2
        nth |-> 1 , [ h , .Names | t ] -> nth ( n - 1 ) t | .Cases )
        43 |-> [ closure ( app |-> 5
        length |-> 3
        map |-> 4
        n |-> 33
        nat |-> 2
        nth |-> 1 , [ h , .Names | t ] -> nth ( n - 1 ) t | .Cases ) , closure ( app |-> 5
        length |-> 3
        map |-> 4
        n |-> 32
        nat |-> 2
        nth |-> 1 , [ h , .Names | t ] -> nth ( n - 1 ) t | .Cases ) , .Names ]
        44 |-> [ 10 , 11 , 12 , 13 , 14 , 15 , 16 , 17 , .Names ]
        45 |-> closure ( app |-> 5
        length |-> 3
        map |-> 4
        n |-> 33
        nat |-> 2
        nth |-> 1 , [ h , .Names | t ] -> nth ( n - 1 ) t | .Cases )
        46 |-> [ closure ( app |-> 5
        length |-> 3
        map |-> 4
        n |-> 32
        nat |-> 2
        nth |-> 1 , [ h , .Names | t ] -> nth ( n - 1 ) t | .Cases ) , .Names ]
        47 |-> [ 10 , 11 , 12 , 13 , 14 , 15 , 16 , 17 , .Names ]
        48 |-> closure ( app |-> 5
        length |-> 3
        map |-> 4
        n |-> 32
        nat |-> 2
        nth |-> 1 , [ h , .Names | t ] -> nth ( n - 1 ) t | .Cases )
        49 |-> [ .Names ]
        50 |-> [ 10 , 11 , 12 , 13 , 14 , 15 , 16 , 17 , .Names ]
        51 |-> [ 10 , 11 , 12 , 13 , 14 , 15 , 16 , 17 , .Names ]
        52 |-> 10
        53 |-> [ 11 , 12 , 13 , 14 , 15 , 16 , 17 , .Names ]
        54 |-> 4
        55 |-> 11
        56 |-> [ 12 , 13 , 14 , 15 , 16 , 17 , .Names ]
        57 |-> 3
        58 |-> 12
        59 |-> [ 13 , 14 , 15 , 16 , 17 , .Names ]
        60 |-> 2
        61 |-> 13
        62 |-> [ 14 , 15 , 16 , 17 , .Names ]
        63 |-> 14
        64 |-> [ 15 , 16 , 17 , .Names ]
        65 |-> 10
        66 |-> [ 11 , 12 , 13 , 14 , 15 , 16 , 17 , .Names ]
        67 |-> 3
        68 |-> 11
        69 |-> [ 12 , 13 , 14 , 15 , 16 , 17 , .Names ]
        70 |-> 2
        71 |-> 12
        72 |-> [ 13 , 14 , 15 , 16 , 17 , .Names ]
        73 |-> 13
        74 |-> [ 14 , 15 , 16 , 17 , .Names ]
        75 |-> 10
        76 |-> [ 11 , 12 , 13 , 14 , 15 , 16 , 17 , .Names ]
        77 |-> 2
        78 |-> 11
        79 |-> [ 12 , 13 , 14 , 15 , 16 , 17 , .Names ]
        80 |-> 12
        81 |-> [ 13 , 14 , 15 , 16 , 17 , .Names ]
        82 |-> 10
        83 |-> [ 11 , 12 , 13 , 14 , 15 , 16 , 17 , .Names ]
        84 |-> 11
        85 |-> [ 12 , 13 , 14 , 15 , 16 , 17 , .Names ]
        86 |-> 10
        87 |-> [ 11 , 12 , 13 , 14 , 15 , 16 , 17 , .Names ]
      </store>
    </FUN>
  </harness>
</kat-FUN>
