Program:  tests/factorial-and-list-max.fun
Strategy: exec
================================================================================
<kat-FUN>
  <s>
    #STUCK ( )
  </s>
  <kat>
    <analysis>
      .Analysis
    </analysis>
    <states>
      .States
    </states>
  </kat>
  <harness>
    <FUN>
      <k>
        620448401733239439360000
      </k>
      <env>
        .Map
      </env>
      <store>
        1 |-> closure ( fact |-> 2
        max |-> 1 , [ h , .Names ] -> ( fun ( x -> fun ( y -> h ) | .Cases ) | .Cases ) | [ h , .Names | t ] -> ( fun ( x -> fun ( y -> let ( x = max t x y ) and .Bindings in if h > x then h else x ) | .Cases ) | .Cases ) | .Cases )
        2 |-> closure ( fact |-> 2
        max |-> 1 , 0 -> 1 | x -> x * fact ( x - 1 ) | .Cases )
        3 |-> 4
        4 |-> 3
        5 |-> 2
        6 |-> 1
        7 |-> 1
        8 |-> [ 3 , 24 , 2 , 5 , 0 , -1 , -5 , .Names ]
        9 |-> true
        10 |-> 5
        11 |-> 3
        12 |-> [ 24 , 2 , 5 , 0 , -1 , -5 , .Names ]
        13 |-> true
        14 |-> 5
        15 |-> 24
        16 |-> [ 2 , 5 , 0 , -1 , -5 , .Names ]
        17 |-> true
        18 |-> 5
        19 |-> 2
        20 |-> [ 5 , 0 , -1 , -5 , .Names ]
        21 |-> true
        22 |-> 5
        23 |-> 5
        24 |-> [ 0 , -1 , -5 , .Names ]
        25 |-> true
        26 |-> 5
        27 |-> 0
        28 |-> [ -1 , -5 , .Names ]
        29 |-> true
        30 |-> 5
        31 |-> -1
        32 |-> [ -5 , .Names ]
        33 |-> true
        34 |-> 5
        35 |-> -5
        36 |-> true
        37 |-> 5
        38 |-> -5
        39 |-> -1
        40 |-> 0
        41 |-> 5
        42 |-> 5
        43 |-> 24
        44 |-> 24
        45 |-> 24
        46 |-> 23
        47 |-> 22
        48 |-> 21
        49 |-> 20
        50 |-> 19
        51 |-> 18
        52 |-> 17
        53 |-> 16
        54 |-> 15
        55 |-> 14
        56 |-> 13
        57 |-> 12
        58 |-> 11
        59 |-> 10
        60 |-> 9
        61 |-> 8
        62 |-> 7
        63 |-> 6
        64 |-> 5
        65 |-> 4
        66 |-> 3
        67 |-> 2
        68 |-> 1
      </store>
    </FUN>
  </harness>
</kat-FUN>
