
Strategy: (^ regular | #normal | #branch) *
================================================================================
<kat-FUN>
  <s>
    #STUCK ( )
  </s>
  <kat>
    <analysis>
      .Analysis
    </analysis>
    <states>
      .States
    </states>
  </kat>
  <harness>
    <FUN>
      <k>
        mu ( .Names , head ( tail l ) ) ~> popEnv ~> popEnv ~> popEnv
      </k>
      <env>
        head |-> closure ( .Map , [ h : t ] -> mu ( head , tail , second , .Names , h ) | .Cases )
        l |-> [ 1 : 3 : 5 : 2 : 4 : 0 : -1 : -5 : .Vals ]
        second |-> closure ( .Map , l x -> mu ( head , tail , second , .Names , head ( tail l ) ) | .Cases )
        tail |-> closure ( .Map , [ h : t ] -> mu ( head , tail , second , .Names , [ t ] ) | .Cases )
        x |-> true
      </env>
      <envs>
        ListItem ( .Map )
        ListItem ( head |-> closure ( .Map , [ h : t ] -> mu ( head , tail , second , .Names , h ) | .Cases )
        second |-> closure ( .Map , l x -> mu ( head , tail , second , .Names , head ( tail l ) ) | .Cases )
        tail |-> closure ( .Map , [ h : t ] -> mu ( head , tail , second , .Names , [ t ] ) | .Cases ) )
        ListItem ( .Map )
      </envs>
    </FUN>
  </harness>
</kat-FUN>

Strategy: # (^ regular | #normal | #branch) * ; abstract
================================================================================
SKIPPING

Strategy: # (^ regular | #normal | #branch) * ; abstract ; #loop
================================================================================
SKIPPING

Strategy: # (^ regular | #normal | #branch) * ; abstract ; #loop ; (^ regular | #normal | #branch) *
================================================================================
SKIPPING

Strategy: orig
================================================================================
<FUN>
  <k>
    3
  </k>
  <env>
    .Map
  </env>
  <envs>
    .List
  </envs>
</FUN>

Strategy: exec
================================================================================
<kat-FUN>
  <s>
    #STUCK ( )
  </s>
  <kat>
    <analysis>
      .Analysis
    </analysis>
    <states>
      .States
    </states>
  </kat>
  <harness>
    <FUN>
      <k>
        3
      </k>
      <env>
        .Map
      </env>
      <envs>
        .List
      </envs>
    </FUN>
  </harness>
</kat-FUN>

Strategy: # compile
================================================================================
SKIPPING
