
Strategy: # orig
================================================================================
SKIPPING

Strategy: # exec
================================================================================
SKIPPING
