
<kat-imp>
 <s> #STUCK ~> #bimc-result #false in 3 steps </s>
 <kat>
  <analysis> .Analysis </analysis>
  <states> .States </states>
 </kat>
 <imp>
  <k> x ~> #freezer_+_1 ( -10 ) ~> #freezer_=_;0 ( x ) </k>
  <mem> x |-> 15 </mem>
 </imp>
</kat-imp>
