Program:  polymorphism-1.fun
Strategy: skip
================================================================================
<kat-FUN>
  <s>
    #STUCK ( )
  </s>
  <kat>
    <analysis>
      .Analysis
    </analysis>
    <states>
      .States
    </states>
  </kat>
  <harness>
    <FUN>
      <k>
        let ( f = fun ( x -> x ) | .Cases ) and .Bindings in if f true then f 2 else f 3
      </k>
      <env>
        .Map
      </env>
      <store>
        .Map
      </store>
    </FUN>
  </harness>
</kat-FUN>
