Program:  empty-argument.fun
Strategy: compile
================================================================================
<kat-FUN>
  <s>
    #STUCK ( )
  </s>
  <kat>
    <analysis>
      .Rules , < <FUN>
        <k>
          let ( x = 7 ) and .Bindings in let ( f = fun ( Nothing -> x ) | .Cases ) and .Bindings in f Nothing
        </k>
        <callStack>
          .
        </callStack>
        <env>
          .Map
        </env>
        <store>
          .Map
        </store>
        <nextLoc>
          0
        </nextLoc>
      </FUN> --> <FUN>
        <k>
          7
        </k>
        <callStack>
          .
        </callStack>
        <env>
          .Map
        </env>
        <store>
          0 |-> 7
          1 |-> closure ( x |-> 0 , Nothing -> x | .Cases )
        </store>
        <nextLoc>
          2
        </nextLoc>
      </FUN> requires #True >
    </analysis>
    <states>
      .States
    </states>
  </kat>
  <harness>
    <FUN>
      <k>
        7
      </k>
      <callStack>
        .
      </callStack>
      <env>
        .Map
      </env>
      <store>
        0 |-> 7
        1 |-> closure ( x |-> 0 , Nothing -> x | .Cases )
      </store>
      <nextLoc>
        2
      </nextLoc>
    </FUN>
  </harness>
</kat-FUN>
