Program:  sum.fun
Strategy: (^ regular | #normal) *
================================================================================
<kat-FUN>
  <s>
    #STUCK ( )
  </s>
  <kat>
    <analysis>
      .Analysis
    </analysis>
    <states>
      .States
    </states>
  </kat>
  <harness>
    <FUN>
      <k>
        muclosure ( sum |-> 0 , 0 -> 0 | n -> n + sum ( n - 1 ) | .Cases ) ~> #arg ( 100 ) ~> setEnv ( .Map )
      </k>
      <env>
        sum |-> 0
      </env>
      <store>
        0 |-> muclosure ( sum |-> 0 , 0 -> 0 | n -> n + sum ( n - 1 ) | .Cases )
      </store>
      <nextLoc>
        1
      </nextLoc>
    </FUN>
  </harness>
</kat-FUN>
