Program:  list-2.fun
Strategy: compile
================================================================================
<kat-FUN>
  <s>
    #STUCK ( )
  </s>
  <kat>
    <analysis>
      .Rules , < <FUN>
        <k>
          let ( second = fun ( [ x , .Names | [ y , .Names | t ] ] -> y ) | .Cases ) and .Bindings in second [ 1 , 3 , 5 , 0 , -2 , .Names ]
        </k>
        <callStack>
          .
        </callStack>
        <env>
          .Map
        </env>
        <store>
          .Map
        </store>
        <nextLoc>
          0
        </nextLoc>
      </FUN> --> <FUN>
        <k>
          3
        </k>
        <callStack>
          .
        </callStack>
        <env>
          .Map
        </env>
        <store>
          0 |-> closure ( .Map , [ x , .Names | [ y , .Names | t ] ] -> y | .Cases )
          1 |-> [ 5 , 0 , -2 , .Names ]
          2 |-> 1
          3 |-> 3
        </store>
        <nextLoc>
          4
        </nextLoc>
      </FUN> requires #True >
    </analysis>
    <states>
      .States
    </states>
  </kat>
  <harness>
    <FUN>
      <k>
        3
      </k>
      <callStack>
        .
      </callStack>
      <env>
        .Map
      </env>
      <store>
        0 |-> closure ( .Map , [ x , .Names | [ y , .Names | t ] ] -> y | .Cases )
        1 |-> [ 5 , 0 , -2 , .Names ]
        2 |-> 1
        3 |-> 3
      </store>
      <nextLoc>
        4
      </nextLoc>
    </FUN>
  </harness>
</kat-FUN>
