Program:  list-max.fun
Strategy: exec
================================================================================
<kat-FUN>
  <s>
    #STUCK ( )
  </s>
  <kat>
    <analysis>
      .Analysis
    </analysis>
    <states>
      .States
    </states>
  </kat>
  <harness>
    <FUN>
      <k>
        5
      </k>
      <callStack>
        .
      </callStack>
      <env>
        .Map
      </env>
      <store>
        0 |-> muclosure ( max |-> 0 , [ h , .Names ] -> ( fun ( x -> fun ( y -> h ) | .Cases ) | .Cases ) | [ h , .Names | t ] -> ( fun ( x -> fun ( y -> let ( x = max t x y ) and .Bindings in if h > x then h else x ) | .Cases ) | .Cases ) | .Cases )
        1 |-> [ 3 , -1 , 2 , 5 , 0 , -6 , .Names ]
        2 |-> 1
        3 |-> true
        4 |-> -10
        5 |-> [ -1 , 2 , 5 , 0 , -6 , .Names ]
        6 |-> 3
        7 |-> true
        8 |-> -10
        9 |-> [ 2 , 5 , 0 , -6 , .Names ]
        10 |-> -1
        11 |-> true
        12 |-> -10
        13 |-> [ 5 , 0 , -6 , .Names ]
        14 |-> 2
        15 |-> true
        16 |-> -10
        17 |-> [ 0 , -6 , .Names ]
        18 |-> 5
        19 |-> true
        20 |-> -10
        21 |-> [ -6 , .Names ]
        22 |-> 0
        23 |-> true
        24 |-> -10
        25 |-> -6
        26 |-> true
        27 |-> -10
        28 |-> -6
        29 |-> 0
        30 |-> 5
        31 |-> 5
        32 |-> 5
        33 |-> 5
      </store>
      <nextLoc>
        34
      </nextLoc>
    </FUN>
  </harness>
</kat-FUN>
