Program:  factorial-and-list-max.fun
Strategy: exec
================================================================================
<kat-FUN>
  <s>
    #STUCK ( )
  </s>
  <kat>
    <analysis>
      .Analysis
    </analysis>
    <states>
      .States
    </states>
  </kat>
  <harness>
    <FUN>
      <k>
        h ~> setEnv ( fact |-> 2
        max |-> 1 ) ~> #freezer___FUN-UNTYPED-COMMON0_ ( closure ( fact |-> 2
        max |-> 1 , 0 -> 1 | x -> x * fact ( x - 1 ) | .Cases ) ) ~> setEnv ( .Map )
      </k>
      <env>
        fact |-> 2
        max |-> 1
        x |-> 7
        y |-> 8
      </env>
      <store>
        1 |-> muclosure ( fact |-> 2
        max |-> 1 , [ h , .Names ] -> ( fun ( x -> fun ( y -> h ) | .Cases ) | .Cases ) | [ h , .Names | t ] -> ( fun ( x -> fun ( y -> let ( x = max t x y ) and .Bindings in if h > x then h else x ) | .Cases ) | .Cases ) | .Cases )
        2 |-> muclosure ( fact |-> 2
        max |-> 1 , 0 -> 1 | x -> x * fact ( x - 1 ) | .Cases )
        3 |-> 4
        4 |-> 3
        5 |-> 2
        6 |-> 1
        7 |-> true
        8 |-> 5
      </store>
    </FUN>
  </harness>
</kat-FUN>
