Program:  list-1.fun
Strategy: (^ regular | #normal) *
================================================================================
<kat-FUN>
  <s>
    #STUCK ( )
  </s>
  <kat>
    <analysis>
      .Analysis
    </analysis>
    <states>
      .States
    </states>
  </kat>
  <harness>
    <FUN>
      <k>
        muclosure ( second |-> 0 , l -> ( fun ( x -> ( fun ( [ $h , .Names | $t ] -> $h ) | .Cases ) ( ( fun ( [ $h , .Names | $t ] -> $t ) | .Cases ) l ) ) | .Cases ) | .Cases ) ~> #arg ( [ 1 , 3 , 5 , 2 , 4 , 0 , -1 , -5 , .Vals ] ) ~> #arg ( true ) ~> setEnv ( .Map )
      </k>
      <env>
        second |-> 0
      </env>
      <store>
        0 |-> muclosure ( second |-> 0 , l -> ( fun ( x -> ( fun ( [ $h , .Names | $t ] -> $h ) | .Cases ) ( ( fun ( [ $h , .Names | $t ] -> $t ) | .Cases ) l ) ) | .Cases ) | .Cases )
      </store>
      <nextLoc>
        1
      </nextLoc>
    </FUN>
  </harness>
</kat-FUN>
