Program:  list-1.fun
Strategy: (^ regular | #normal) * ; abstract ; #loop ; (^ regular | #normal) *
================================================================================
<kat-FUN>
  <s>
    #STUCK ( )
  </s>
  <kat>
    <analysis>
      .Analysis
    </analysis>
    <states>
      .States
    </states>
  </kat>
  <harness>
    <FUN>
      <k>
        getMatching ( l , [ V0 , V1 , V2 , V3 , V4 , V5 , V6 , V7 , .Names ] ) ~> closure ( second |-> 0 , l -> ( fun ( x -> ( fun ( [ $h , .Names | $t ] -> $h ) | .Cases ) ( ( fun ( [ $h , .Names | $t ] -> $t ) | .Cases ) l ) ) | .Cases ) | .Cases ) [ V0 , V1 , V2 , V3 , V4 , V5 , V6 , V7 , .Names ] ~> #arg ( true ) ~> setEnv ( .Map )
      </k>
      <callStack>
        .
      </callStack>
      <env>
        second |-> 0
      </env>
      <store>
        0 |-> muclosure ( second |-> 0 , l -> ( fun ( x -> ( fun ( [ $h , .Names | $t ] -> $h ) | .Cases ) ( ( fun ( [ $h , .Names | $t ] -> $t ) | .Cases ) l ) ) | .Cases ) | .Cases )
      </store>
      <nextLoc>
        1
      </nextLoc>
    </FUN>
  </harness>
</kat-FUN>
