Program:  live-if.imp
Strategy: step 2 ; which-can? (^ iftrue)
================================================================================
<kat-imp>
  <s>
    #STUCK ( ) ~> #which-can ^ iftrue
  </s>
  <kat>
    <analysis>
      .Analysis
    </analysis>
    <states>
      .States
    </states>
  </kat>
  <harness>
    <imp>
      <k>
        if ( V0 <=Int 7 ) { x = 1 ; } else { x = -1 ; }
      </k>
      <mem>
        x |-> V0
      </mem>
    </imp>
  </harness>
</kat-imp>
