Result ==K <kat-imp>
  <s>
    #STUCK ( ) ~> #compile-result .Rules , < { int x , .Ids ; x = 7 ; if ( x <= 7 ) { x = 1 ; } else { x = -1 ; } | .Map } --> { if ( x <= 7 ) { x = 1 ; } else { x = -1 ; } | x |-> 7 } > , < { false ~> if ( x <= 7 ) { x = 1 ; } else { x = -1 ; } | x |-> V0 } --> { . | x |-> -1 } > , < { true ~> if ( x <= 7 ) { x = 1 ; } else { x = -1 ; } | x |-> V0 } --> { . | x |-> 1 } >
  </s>
  <kat>
    <analysis>
      .Analysis
    </analysis>
    <states>
      .States
    </states>
  </kat>
  <imp>
    <k>
      .
    </k>
    <mem>
      x |-> V1
    </mem>
  </imp>
</kat-imp>
