<kat-imp>
  <s>
    #STUCK ( )
  </s>
  <kat>
    <analysis>
      .Rules , < <imp>
        <k>
          int n , s , .Ids ; s = 0 ; while ( 0 <= n ) { n = n + -1 ; s = s + n ; }
        </k>
        <mem>
          .Map
        </mem>
      </imp> --> <imp>
        <k>
          { }
        </k>
        <mem>
          n |-> V0
          s |-> 0
        </mem>
      </imp> requires 0 <=Int V0 ==K false > , < <imp>
        <k>
          int n , s , .Ids ; s = 0 ; while ( 0 <= n ) { n = n + -1 ; s = s + n ; }
        </k>
        <mem>
          .Map
        </mem>
      </imp> --> <imp>
        <k>
          { { n = n + -1 ; s = s + n ; } while ( 0 <= n ) { n = n + -1 ; s = s + n ; } }
        </k>
        <mem>
          n |-> V1
          s |-> 0
        </mem>
      </imp> requires 0 <=Int V1 ==K true > , < <imp>
        <k>
          { { n = n + -1 ; s = s + n ; } while ( 0 <= n ) { n = n + -1 ; s = s + n ; } }
        </k>
        <mem>
          n |-> V2
          s |-> V3
        </mem>
      </imp> --> <imp>
        <k>
          { }
        </k>
        <mem>
          n |-> V2 +Int -1
          s |-> V3 +Int ( V2 +Int -1 )
        </mem>
      </imp> requires 0 <=Int V2 +Int -1 ==K false > , < <imp>
        <k>
          { { n = n + -1 ; s = s + n ; } while ( 0 <= n ) { n = n + -1 ; s = s + n ; } }
        </k>
        <mem>
          n |-> V4
          s |-> V5
        </mem>
      </imp> --> <imp>
        <k>
          { { n = n + -1 ; s = s + n ; } while ( 0 <= n ) { n = n + -1 ; s = s + n ; } }
        </k>
        <mem>
          n |-> V4 +Int -1
          s |-> V5 +Int ( V4 +Int -1 )
        </mem>
      </imp> requires 0 <=Int V4 +Int -1 ==K true > , < <imp>
        <k>
          { }
        </k>
        <mem>
          n |-> V6
          s |-> V7
        </mem>
      </imp> --> <imp>
        <k>
          .
        </k>
        <mem>
          n |-> V6
          s |-> V7
        </mem>
      </imp> requires #True >
    </analysis>
    <states>
      .States
    </states>
  </kat>
  <harness>
    <imp>
      <k>
        .
      </k>
      <mem>
        n |-> V6
        s |-> V7
      </mem>
    </imp>
  </harness>
</kat-imp>
